// Jest Snapshot v1, https://goo.gl/fbAQLP

exports[`UsersList renders properly 1`] = `
<div>
  <h4
    className="box litle is-4"
  >
    fiorella
  </h4>
  <h4
    className="box litle is-4"
  >
    vanessa
  </h4>
</div>
`;
